../lwip/target/ethernetif.c:118:13:low_level_init	16	static
../lwip/target/ethernetif.c:172:14:low_level_output	80	static
../lwip/target/ethernetif.c:220:22:low_level_input	24	static
../lwip/target/ethernetif.c:241:6:ethernetif_input	24	static
../lwip/target/ethernetif.c:272:7:ethernetif_init	16	static
../lwip/target/ethernetif.c:301:6:pbuf_free_custom	24	static
../lwip/target/ethernetif.c:319:7:sys_now	8	static
../lwip/target/ethernetif.c:333:9:ETH_PHY_IO_Init	8	static
../lwip/target/ethernetif.c:350:9:ETH_PHY_IO_DeInit	4	static
../lwip/target/ethernetif.c:362:9:ETH_PHY_IO_ReadReg	24	static
../lwip/target/ethernetif.c:379:9:ETH_PHY_IO_WriteReg	24	static
../lwip/target/ethernetif.c:393:9:ETH_PHY_IO_GetTick	8	static
../lwip/target/ethernetif.c:402:6:ethernet_link_check_state	136	static
../lwip/target/ethernetif.c:457:6:HAL_ETH_RxAllocateCallback	32	static
../lwip/target/ethernetif.c:477:6:HAL_ETH_RxLinkCallback	40	static
../lwip/target/ethernetif.c:512:6:HAL_ETH_TxFreeCallback	16	static
